// Jest Snapshot v1, https://goo.gl/fbAQLP

exports[`HomeScreen matches the snapshot 1`] = `
<RCTSafeAreaView
  style={
    {
      "alignItems": "center",
      "backgroundColor": "#FFE4F0",
      "flex": 1,
      "justifyContent": "center",
      "padding": 20,
    }
  }
>
  <Image
    source={
      {
        "testUri": "../../../assets/starsteps-logo.png",
      }
    }
    style={
      {
        "height": 160,
        "marginBottom": 30,
        "resizeMode": "contain",
        "width": 160,
      }
    }
  />
  <Text
    style={
      [
        {
          "textAlign": "left",
        },
        {
          "color": "rgba(28, 27, 31, 1)",
          "fontFamily": "System",
          "fontWeight": "400",
          "letterSpacing": 0,
        },
        {
          "writingDirection": "ltr",
        },
        {
          "color": "#3B3B98",
          "fontSize": 28,
          "fontWeight": "bold",
          "marginBottom": 10,
          "textAlign": "center",
        },
      ]
    }
  >
    Welcome to StarSteps ðŸŒŸ
  </Text>
  <Text
    style={
      [
        {
          "textAlign": "left",
        },
        {
          "color": "rgba(28, 27, 31, 1)",
          "fontFamily": "System",
          "fontWeight": "400",
          "letterSpacing": 0,
        },
        {
          "writingDirection": "ltr",
        },
        {
          "color": "#6D6D6D",
          "fontSize": 18,
          "marginBottom": 40,
          "textAlign": "center",
        },
      ]
    }
  >
    Learning and fun for every amazing child!
  </Text>
  <View
    collapsable={false}
    style={
      {
        "backgroundColor": "#FF7EB3",
        "borderRadius": 30,
        "shadowColor": "#000",
        "shadowOffset": {
          "height": 0,
          "width": 0,
        },
        "shadowOpacity": 0,
        "shadowRadius": 0,
      }
    }
    testID="button-container-outer-layer"
  >
    <View
      collapsable={false}
      style={
        {
          "backgroundColor": "#FF7EB3",
          "borderColor": "transparent",
          "borderRadius": 30,
          "borderStyle": "solid",
          "borderWidth": 0,
          "flex": undefined,
          "minWidth": 64,
          "paddingHorizontal": 30,
          "paddingVertical": 10,
          "shadowColor": "#000",
          "shadowOffset": {
            "height": 0,
            "width": 0,
          },
          "shadowOpacity": 0,
          "shadowRadius": 0,
        }
      }
      testID="button-container"
    >
      <View
        accessibilityRole="button"
        accessibilityState={
          {
            "busy": undefined,
            "checked": undefined,
            "disabled": false,
            "expanded": undefined,
            "selected": undefined,
          }
        }
        accessibilityValue={
          {
            "max": undefined,
            "min": undefined,
            "now": undefined,
            "text": undefined,
          }
        }
        accessible={true}
        collapsable={false}
        focusable={true}
        onBlur={[Function]}
        onClick={[Function]}
        onFocus={[Function]}
        onResponderGrant={[Function]}
        onResponderMove={[Function]}
        onResponderRelease={[Function]}
        onResponderTerminate={[Function]}
        onResponderTerminationRequest={[Function]}
        onStartShouldSetResponder={[Function]}
        style={
          [
            {
              "overflow": "hidden",
            },
            {
              "borderRadius": 30,
            },
          ]
        }
        testID="button"
      >
        <View
          style={
            [
              {
                "alignItems": "center",
                "flexDirection": "row",
                "justifyContent": "center",
              },
              undefined,
            ]
          }
        >
          <Text
            numberOfLines={1}
            selectable={false}
            style={
              [
                {
                  "textAlign": "left",
                },
                {
                  "color": "rgba(28, 27, 31, 1)",
                  "writingDirection": "ltr",
                },
                [
                  {
                    "fontFamily": "System",
                    "fontSize": 14,
                    "fontWeight": "500",
                    "letterSpacing": 0.1,
                    "lineHeight": 20,
                  },
                  [
                    {
                      "marginHorizontal": 16,
                      "marginVertical": 9,
                      "textAlign": "center",
                    },
                    false,
                    {
                      "marginHorizontal": 24,
                      "marginVertical": 10,
                    },
                    undefined,
                    false,
                    {
                      "color": "rgba(255, 255, 255, 1)",
                      "fontFamily": "System",
                      "fontSize": 14,
                      "fontWeight": "500",
                      "letterSpacing": 0.1,
                      "lineHeight": 20,
                    },
                    {
                      "color": "white",
                      "fontSize": 18,
                    },
                  ],
                ],
              ]
            }
            testID="button-text"
          >
            Start Learning
          </Text>
        </View>
      </View>
    </View>
  </View>
</RCTSafeAreaView>
`;
